// Jest Snapshot v1, https://goo.gl/fbAQLP

exports[`UI Component Snapshots MockFirebaseVerification matches snapshot 1`] = `
<View>
  <Text>
    Firebase Verification
  </Text>
  <Text>
    Status: Connected âœ…
  </Text>
</View>
`;

exports[`UI Component Snapshots MockLoginScreen matches snapshot 1`] = `
<View>
  <Text>
    Login to BallTalk
  </Text>
  <View>
    <Text>
      Email
    </Text>
    <Text>
      Password
    </Text>
    <View
      accessibilityRole="button"
      accessibilityState={
        {
          "busy": undefined,
          "checked": undefined,
          "disabled": undefined,
          "expanded": undefined,
          "selected": undefined,
        }
      }
      accessibilityValue={
        {
          "max": undefined,
          "min": undefined,
          "now": undefined,
          "text": undefined,
        }
      }
      accessible={true}
      collapsable={false}
      focusable={true}
      onClick={[Function]}
      onResponderGrant={[Function]}
      onResponderMove={[Function]}
      onResponderRelease={[Function]}
      onResponderTerminate={[Function]}
      onResponderTerminationRequest={[Function]}
      onStartShouldSetResponder={[Function]}
      style={
        {
          "opacity": 1,
        }
      }
    >
      <View
        style={
          [
            {},
          ]
        }
      >
        <Text
          style={
            [
              {
                "color": "#007AFF",
                "fontSize": 18,
                "margin": 8,
                "textAlign": "center",
              },
            ]
          }
        >
          Login
        </Text>
      </View>
    </View>
  </View>
</View>
`;

exports[`UI Component Snapshots SimpleComponent matches snapshot 1`] = `
<View>
  <Text>
    BallTalk Testing
  </Text>
  <View
    accessibilityRole="button"
    accessibilityState={
      {
        "busy": undefined,
        "checked": undefined,
        "disabled": undefined,
        "expanded": undefined,
        "selected": undefined,
      }
    }
    accessibilityValue={
      {
        "max": undefined,
        "min": undefined,
        "now": undefined,
        "text": undefined,
      }
    }
    accessible={true}
    collapsable={false}
    focusable={true}
    onClick={[Function]}
    onResponderGrant={[Function]}
    onResponderMove={[Function]}
    onResponderRelease={[Function]}
    onResponderTerminate={[Function]}
    onResponderTerminationRequest={[Function]}
    onStartShouldSetResponder={[Function]}
    style={
      {
        "opacity": 1,
      }
    }
  >
    <View
      style={
        [
          {},
        ]
      }
    >
      <Text
        style={
          [
            {
              "color": "#007AFF",
              "fontSize": 18,
              "margin": 8,
              "textAlign": "center",
            },
          ]
        }
      >
        Record
      </Text>
    </View>
  </View>
</View>
`;
