// Jest Snapshot v1, https://goo.gl/fbAQLP

exports[`UI Component Snapshots LoginScreen matches snapshot 1`] = `
<View
  style={
    {
      "backgroundColor": "#f5f5f5",
      "flex": 1,
      "padding": 20,
    }
  }
>
  <Text
    style={
      {
        "color": "#333",
        "fontSize": 24,
        "fontWeight": "bold",
        "marginBottom": 20,
        "marginTop": 40,
        "textAlign": "center",
      }
    }
  >
    Login to BallTalk
  </Text>
  <View
    style={
      {
        "backgroundColor": "white",
        "borderRadius": 10,
        "elevation": 3,
        "padding": 20,
        "shadowColor": "#000",
        "shadowOffset": {
          "height": 2,
          "width": 0,
        },
        "shadowOpacity": 0.1,
        "shadowRadius": 4,
      }
    }
  >
    <TextInput
      autoCapitalize="none"
      editable={true}
      keyboardType="email-address"
      onChangeText={[Function]}
      placeholder="Email"
      style={
        {
          "borderColor": "#ddd",
          "borderRadius": 6,
          "borderWidth": 1,
          "fontSize": 16,
          "marginBottom": 16,
          "padding": 12,
        }
      }
      value=""
    />
    <TextInput
      editable={true}
      onChangeText={[Function]}
      placeholder="Password"
      secureTextEntry={true}
      style={
        {
          "borderColor": "#ddd",
          "borderRadius": 6,
          "borderWidth": 1,
          "fontSize": 16,
          "marginBottom": 16,
          "padding": 12,
        }
      }
      value=""
    />
    <View
      accessibilityRole="button"
      accessibilityState={
        {
          "busy": undefined,
          "checked": undefined,
          "disabled": false,
          "expanded": undefined,
          "selected": undefined,
        }
      }
      accessibilityValue={
        {
          "max": undefined,
          "min": undefined,
          "now": undefined,
          "text": undefined,
        }
      }
      accessible={true}
      collapsable={false}
      focusable={true}
      onClick={[Function]}
      onResponderGrant={[Function]}
      onResponderMove={[Function]}
      onResponderRelease={[Function]}
      onResponderTerminate={[Function]}
      onResponderTerminationRequest={[Function]}
      onStartShouldSetResponder={[Function]}
      style={
        {
          "opacity": 1,
        }
      }
    >
      <View
        style={
          [
            {},
          ]
        }
      >
        <Text
          disabled={false}
          style={
            [
              {
                "color": "#007AFF",
                "fontSize": 18,
                "margin": 8,
                "textAlign": "center",
              },
            ]
          }
        >
          Login
        </Text>
      </View>
    </View>
  </View>
  <View
    style={
      {
        "backgroundColor": "#e9e9e9",
        "borderRadius": 8,
        "marginTop": 30,
        "padding": 16,
      }
    }
  >
    <Text
      style={
        {
          "color": "#666",
          "fontSize": 14,
          "marginBottom": 6,
        }
      }
    >
      Platform: 
      ios
    </Text>
    <Text
      style={
        {
          "color": "#666",
          "fontSize": 14,
          "marginBottom": 6,
        }
      }
    >
      Firebase Auth initialized: 
      âœ…
    </Text>
    <Text
      style={
        {
          "color": "#666",
          "fontSize": 14,
          "marginBottom": 6,
        }
      }
    >
      Note: This is a test login screen. In a real app, you would have proper navigation and user state management.
    </Text>
  </View>
</View>
`;

exports[`UI Component Snapshots SimpleEqualizer matches snapshot 1`] = `<MockSimpleEqualizer />`;

exports[`UI Component Snapshots TestScreen matches snapshot 1`] = `
<RCTScrollView
  style={
    {
      "backgroundColor": "#f0f0f0",
      "flex": 1,
    }
  }
>
  <View>
    <View
      style={
        {
          "backgroundColor": "#007AFF",
          "padding": 20,
          "paddingTop": 60,
        }
      }
    >
      <Text
        style={
          {
            "color": "white",
            "fontSize": 28,
            "fontWeight": "bold",
            "marginBottom": 8,
          }
        }
      >
        BallTalk Testing
      </Text>
      <Text
        style={
          {
            "color": "rgba(255, 255, 255, 0.8)",
            "fontSize": 16,
          }
        }
      >
        Platform: 
        ios
      </Text>
    </View>
    <View
      style={
        {
          "marginVertical": 10,
        }
      }
    >
      <Text
        style={
          {
            "color": "#333",
            "fontSize": 18,
            "fontWeight": "bold",
            "marginBottom": 8,
            "marginHorizontal": 16,
            "marginTop": 16,
          }
        }
      >
        Firebase Connectivity
      </Text>
      <MockFirebaseVerification />
    </View>
    <View
      style={
        {
          "marginVertical": 10,
        }
      }
    >
      <Text
        style={
          {
            "color": "#333",
            "fontSize": 18,
            "fontWeight": "bold",
            "marginBottom": 8,
            "marginHorizontal": 16,
            "marginTop": 16,
          }
        }
      >
        Audio Recording
      </Text>
      <MockBasicRecorder />
    </View>
    <View
      style={
        {
          "marginVertical": 10,
        }
      }
    >
      <Text
        style={
          {
            "color": "#333",
            "fontSize": 18,
            "fontWeight": "bold",
            "marginBottom": 8,
            "marginHorizontal": 16,
            "marginTop": 16,
          }
        }
      >
        Audio Processing
      </Text>
      <MockSimpleEqualizer />
    </View>
    <View
      style={
        {
          "alignItems": "center",
          "marginBottom": 40,
          "marginTop": 20,
          "padding": 20,
        }
      }
    >
      <Text
        style={
          {
            "color": "#666",
            "fontSize": 14,
          }
        }
      >
        BallTalk App - Development Version
      </Text>
    </View>
  </View>
</RCTScrollView>
`;
